<?xml version="1.0" encoding="utf-8"?>
<TestRun id="060633e9-3bc6-4c65-94e4-c7daafc28da0" name="@fv-az1372-481 2025-06-24 20:07:41" xmlns="http://microsoft.com/schemas/VisualStudio/TeamTest/2010">
  <Times creation="2025-06-24T20:07:41.5263348+00:00" queuing="2025-06-24T20:07:41.5263349+00:00" start="2025-06-24T20:07:40.6855653+00:00" finish="2025-06-24T20:07:41.5342841+00:00" />
  <TestSettings name="default" id="b171f855-21a2-4864-8bc1-f0a8d5b4de38">
    <Deployment runDeploymentRoot="_fv-az1372-481_2025-06-24_20_07_41" />
  </TestSettings>
  <Results>
    <UnitTestResult executionId="318ff8a9-ce4f-45ab-9fd6-bf5d21b69b8c" testId="43f84606-b6c5-64b7-bc6e-37de90b408da" testName="TestMyMiddlewareIntegration (100)" computerName="fv-az1372-481" duration="00:00:00.1052623" startTime="2025-06-24T20:07:41.1479593+00:00" endTime="2025-06-24T20:07:41.3977300+00:00" testType="13cdc9d9-ddb5-4fa4-a97d-d965ccfc6d4b" outcome="Passed" testListId="8c84fa94-04c1-424b-9868-57a2d4851a1d" relativeResultsDirectory="318ff8a9-ce4f-45ab-9fd6-bf5d21b69b8c">
      <Output>
        <StdOut>20:07:41.26 INF Ctx: Microsoft.Hosting.Lifetime
20:07:41.26 INF Msg: Application started. Press Ctrl+C to shut down.
20:07:41.27 INF Ctx: Microsoft.Hosting.Lifetime
20:07:41.27 INF Msg: Hosting environment: Production
20:07:41.27 INF Ctx: Microsoft.Hosting.Lifetime
20:07:41.27 INF Msg: Content root path: /home/runner/work/BlackBytesBox.Serilog.AnsiConsoleThemes/BlackBytesBox.Serilog.AnsiConsoleThemes/source/BlackBytesBox.Serilog.AnsiConsoleThemes/BlackBytesBox.Serilog.AnsiConsoleThemes.Tests/bin/Release/net9.0
20:07:41.39 INF Ctx: Microsoft.Hosting.Lifetime
20:07:41.39 INF Msg: Application is shutting down...</StdOut>
      </Output>
    </UnitTestResult>
  </Results>
  <TestDefinitions>
    <UnitTest name="TestMyMiddlewareIntegration (100)" storage="/home/runner/work/blackbytesbox.serilog.ansiconsolethemes/blackbytesbox.serilog.ansiconsolethemes/source/blackbytesbox.serilog.ansiconsolethemes/blackbytesbox.serilog.ansiconsolethemes.tests/bin/release/net9.0/blackbytesbox.serilog.ansiconsolethemes.tests.dll" id="43f84606-b6c5-64b7-bc6e-37de90b408da">
      <Execution id="318ff8a9-ce4f-45ab-9fd6-bf5d21b69b8c" />
      <TestMethod codeBase="/home/runner/work/BlackBytesBox.Serilog.AnsiConsoleThemes/BlackBytesBox.Serilog.AnsiConsoleThemes/source/BlackBytesBox.Serilog.AnsiConsoleThemes/BlackBytesBox.Serilog.AnsiConsoleThemes.Tests/bin/Release/net9.0/BlackBytesBox.Serilog.AnsiConsoleThemes.Tests.dll" adapterTypeName="executor://mstestadapter/v2" className="BlackBytesBox.Serilog.AnsiConsoleThemes.Tests.VisualInspecionTest" name="TestMyMiddlewareIntegration" />
    </UnitTest>
  </TestDefinitions>
  <TestEntries>
    <TestEntry testId="43f84606-b6c5-64b7-bc6e-37de90b408da" executionId="318ff8a9-ce4f-45ab-9fd6-bf5d21b69b8c" testListId="8c84fa94-04c1-424b-9868-57a2d4851a1d" />
  </TestEntries>
  <TestLists>
    <TestList name="Results Not in a List" id="8c84fa94-04c1-424b-9868-57a2d4851a1d" />
    <TestList name="All Loaded Results" id="19431567-8539-422a-85d7-44ee4e166bda" />
  </TestLists>
  <ResultSummary outcome="Completed">
    <Counters total="1" executed="1" passed="1" failed="0" error="0" timeout="0" aborted="0" inconclusive="0" passedButRunAborted="0" notRunnable="0" notExecuted="0" disconnected="0" warning="0" completed="0" inProgress="0" pending="0" />
    <Output>
      <StdOut>Test Parallelization enabled for /home/runner/work/BlackBytesBox.Serilog.AnsiConsoleThemes/BlackBytesBox.Serilog.AnsiConsoleThemes/source/BlackBytesBox.Serilog.AnsiConsoleThemes/BlackBytesBox.Serilog.AnsiConsoleThemes.Tests/bin/Release/net9.0/BlackBytesBox.Serilog.AnsiConsoleThemes.Tests.dll (Workers: 4, Scope: MethodLevel)
</StdOut>
    </Output>
  </ResultSummary>
</TestRun>